// Jest Snapshot v1, https://goo.gl/fbAQLP

exports[`render calculator component 1`] = `
<div
  className="calculator"
>
  <div
    className="calculator__input"
  />
  <div
    className="calculator__row"
  >
    <button
      name="AC"
      onClick={[Function]}
    >
      AC
    </button>
    <button
      name="+/-"
      onClick={[Function]}
    >
      +/-
    </button>
    <button
      name="%"
      onClick={[Function]}
    >
      %
    </button>
    <button
      name="รท"
      onClick={[Function]}
    >
      รท
    </button>
  </div>
  <div
    className="calculator__row"
  >
    <button
      name="7"
      onClick={[Function]}
    >
      7
    </button>
    <button
      name="8"
      onClick={[Function]}
    >
      8
    </button>
    <button
      name="9"
      onClick={[Function]}
    >
      9
    </button>
    <button
      name="x"
      onClick={[Function]}
    >
      x
    </button>
  </div>
  <div
    className="calculator__row"
  >
    <button
      name="4"
      onClick={[Function]}
    >
      4
    </button>
    <button
      name="5"
      onClick={[Function]}
    >
      5
    </button>
    <button
      name="6"
      onClick={[Function]}
    >
      6
    </button>
    <button
      name="-"
      onClick={[Function]}
    >
      -
    </button>
  </div>
  <div
    className="calculator__row"
  >
    <button
      name="1"
      onClick={[Function]}
    >
      1
    </button>
    <button
      name="2"
      onClick={[Function]}
    >
      2
    </button>
    <button
      name="3"
      onClick={[Function]}
    >
      3
    </button>
    <button
      name="+"
      onClick={[Function]}
    >
      +
    </button>
  </div>
  <div
    className="calculator__row"
  >
    <button
      name="0"
      onClick={[Function]}
    >
      0
    </button>
    <button
      name="."
      onClick={[Function]}
    >
      .
    </button>
    <button
      name="="
      onClick={[Function]}
    >
      =
    </button>
  </div>
</div>
`;
