// Jest Snapshot v1, https://goo.gl/fbAQLP

exports[`render App component 1`] = `
<div
  className="app"
>
  <div
    className="header"
  >
    <a
      className="header__logo"
      href="/"
      onClick={[Function]}
    >
      Math Magicians
    </a>
    <ul
      className="header__nav-links"
    >
      <li>
        <a
          className=""
          href="/"
          onClick={[Function]}
        >
          Home
        </a>
      </li>
      <li>
        <a
          className=""
          href="/calculator"
          onClick={[Function]}
        >
          Calculator
        </a>
      </li>
      <li>
        <a
          className=""
          href="/quotes"
          onClick={[Function]}
        >
          Quote
        </a>
      </li>
    </ul>
  </div>
  <div
    className="home"
  >
    <h1
      className="home__heading"
    >
      Welcome to our page!
    </h1>
    <p
      className="home__para"
    >
      Lorem ipsum dolor sit amet, consectetur adipisicing elit. Quasi, distinctio. Dolorem unde distinctio reprehenderit ducimus blanditiis magnam deserunt, soluta, voluptatibus tenetur saepe deleniti aut. Aut odit cupiditate ab aliquam non.Lorem ipsum dolor sit amet, consectetur adipisicing elit. Quasi, distinctio. Dolorem unde distinctio reprehenderit ducimus blanditiis magnam deserunt, soluta, voluptatibus tenetur saepe deleniti aut. Aut odit cupiditate ab aliquam non.
    </p>
    <p
      className="home__para"
    >
      Lorem ipsum dolor sit amet, consectetur adipisicing elit. Quasi, distinctio. Dolorem unde distinctio reprehenderit ducimus blanditiis magnam deserunt, soluta, voluptatibus tenetur saepe deleniti aut. Aut odit cupiditate ab aliquam non.Lorem ipsum dolor sit amet, consectetur adipisicing elit. Quasi, distinctio. Dolorem unde distinctio reprehenderit ducimus blanditiis magnam deserunt, soluta, voluptatibus tenetur saepe deleniti aut. Aut odit cupiditate ab aliquam non.
    </p>
  </div>
</div>
`;
